=== BEFORE ===
CLOCK=CLK_CORE SKEW_PS=165 OUTLIERS=18 TRAN_VIOLS=0 DEPTH_VIOLS=0
CLOCK=CLK_PERI SKEW_PS=37 OUTLIERS=10 TRAN_VIOLS=0 DEPTH_VIOLS=0

=== DETECTED ISSUES ===
VIOLATION SINK=U100/CK CLOCK=CLK_CORE LATENCY_PS=812.00 TRAN_PS=78.00 DEPTH=6
VIOLATION SINK=U101/CK CLOCK=CLK_CORE LATENCY_PS=806.00 TRAN_PS=82.00 DEPTH=6
VIOLATION SINK=U102/CK CLOCK=CLK_CORE LATENCY_PS=819.00 TRAN_PS=74.00 DEPTH=6
VIOLATION SINK=U103/CK CLOCK=CLK_CORE LATENCY_PS=798.00 TRAN_PS=88.00 DEPTH=5
VIOLATION SINK=U104/CK CLOCK=CLK_CORE LATENCY_PS=824.00 TRAN_PS=91.00 DEPTH=6
VIOLATION SINK=U105/CK CLOCK=CLK_CORE LATENCY_PS=803.00 TRAN_PS=79.00 DEPTH=5
VIOLATION SINK=U106/CK CLOCK=CLK_CORE LATENCY_PS=831.00 TRAN_PS=96.00 DEPTH=6
VIOLATION SINK=U107/CK CLOCK=CLK_CORE LATENCY_PS=795.00 TRAN_PS=84.00 DEPTH=5
VIOLATION SINK=U108/CK CLOCK=CLK_CORE LATENCY_PS=810.00 TRAN_PS=77.00 DEPTH=6
VIOLATION SINK=U109/CK CLOCK=CLK_CORE LATENCY_PS=827.00 TRAN_PS=145.00 DEPTH=6
VIOLATION SINK=U110/CK CLOCK=CLK_CORE LATENCY_PS=815.00 TRAN_PS=83.00 DEPTH=6
VIOLATION SINK=U111/CK CLOCK=CLK_CORE LATENCY_PS=802.00 TRAN_PS=80.00 DEPTH=5
VIOLATION SINK=U114/CK CLOCK=CLK_CORE LATENCY_PS=745.00 TRAN_PS=69.00 DEPTH=4
VIOLATION SINK=U115/CK CLOCK=CLK_CORE LATENCY_PS=808.00 TRAN_PS=86.00 DEPTH=6
VIOLATION SINK=U116/CK CLOCK=CLK_CORE LATENCY_PS=822.00 TRAN_PS=90.00 DEPTH=6
VIOLATION SINK=U117/CK CLOCK=CLK_CORE LATENCY_PS=799.00 TRAN_PS=81.00 DEPTH=5
VIOLATION SINK=U118/CK CLOCK=CLK_CORE LATENCY_PS=817.00 TRAN_PS=138.00 DEPTH=6
VIOLATION SINK=U119/CK CLOCK=CLK_CORE LATENCY_PS=805.00 TRAN_PS=76.00 DEPTH=6
VIOLATION SINK=U200/CK CLOCK=CLK_PERI LATENCY_PS=636.00 TRAN_PS=88.00 DEPTH=4
VIOLATION SINK=U201/CK CLOCK=CLK_PERI LATENCY_PS=641.00 TRAN_PS=92.00 DEPTH=4
VIOLATION SINK=U202/CK CLOCK=CLK_PERI LATENCY_PS=628.00 TRAN_PS=85.00 DEPTH=4
VIOLATION SINK=U203/CK CLOCK=CLK_PERI LATENCY_PS=655.00 TRAN_PS=97.00 DEPTH=5
VIOLATION SINK=U204/CK CLOCK=CLK_PERI LATENCY_PS=633.00 TRAN_PS=90.00 DEPTH=4
VIOLATION SINK=U205/CK CLOCK=CLK_PERI LATENCY_PS=648.00 TRAN_PS=94.00 DEPTH=5
VIOLATION SINK=U206/CK CLOCK=CLK_PERI LATENCY_PS=622.00 TRAN_PS=83.00 DEPTH=4
VIOLATION SINK=U207/CK CLOCK=CLK_PERI LATENCY_PS=659.00 TRAN_PS=99.00 DEPTH=5
VIOLATION SINK=U208/CK CLOCK=CLK_PERI LATENCY_PS=645.00 TRAN_PS=91.00 DEPTH=5
VIOLATION SINK=U209/CK CLOCK=CLK_PERI LATENCY_PS=630.00 TRAN_PS=87.00 DEPTH=4

=== CORRECTION / RECOMMENDATION ===
CLK_CORE U100/CK INSERT_BUFFER STAGES=7 BEFORE_PS=812 TARGET_PS=1000
CLK_CORE U101/CK INSERT_BUFFER STAGES=7 BEFORE_PS=806 TARGET_PS=1000
CLK_CORE U102/CK INSERT_BUFFER STAGES=7 BEFORE_PS=819 TARGET_PS=1000
CLK_CORE U103/CK INSERT_BUFFER STAGES=7 BEFORE_PS=798 TARGET_PS=1000
CLK_CORE U104/CK INSERT_BUFFER STAGES=6 BEFORE_PS=824 TARGET_PS=1000
CLK_CORE U105/CK INSERT_BUFFER STAGES=7 BEFORE_PS=803 TARGET_PS=1000
CLK_CORE U106/CK INSERT_BUFFER STAGES=6 BEFORE_PS=831 TARGET_PS=1000
CLK_CORE U107/CK INSERT_BUFFER STAGES=7 BEFORE_PS=795 TARGET_PS=1000
CLK_CORE U108/CK INSERT_BUFFER STAGES=7 BEFORE_PS=810 TARGET_PS=1000
CLK_CORE U109/CK INSERT_BUFFER STAGES=6 BEFORE_PS=827 TARGET_PS=1000
CLK_CORE U110/CK INSERT_BUFFER STAGES=7 BEFORE_PS=815 TARGET_PS=1000
CLK_CORE U111/CK INSERT_BUFFER STAGES=7 BEFORE_PS=802 TARGET_PS=1000
CLK_CORE U114/CK INSERT_BUFFER STAGES=9 BEFORE_PS=745 TARGET_PS=1000
CLK_CORE U115/CK INSERT_BUFFER STAGES=7 BEFORE_PS=808 TARGET_PS=1000
CLK_CORE U116/CK INSERT_BUFFER STAGES=6 BEFORE_PS=822 TARGET_PS=1000
CLK_CORE U117/CK INSERT_BUFFER STAGES=7 BEFORE_PS=799 TARGET_PS=1000
CLK_CORE U118/CK INSERT_BUFFER STAGES=7 BEFORE_PS=817 TARGET_PS=1000
CLK_CORE U119/CK INSERT_BUFFER STAGES=7 BEFORE_PS=805 TARGET_PS=1000
CLK_PERI U200/CK INSERT_BUFFER STAGES=13 BEFORE_PS=636 TARGET_PS=1000
CLK_PERI U201/CK INSERT_BUFFER STAGES=12 BEFORE_PS=641 TARGET_PS=1000
CLK_PERI U202/CK INSERT_BUFFER STAGES=13 BEFORE_PS=628 TARGET_PS=1000
CLK_PERI U203/CK INSERT_BUFFER STAGES=12 BEFORE_PS=655 TARGET_PS=1000
CLK_PERI U204/CK INSERT_BUFFER STAGES=13 BEFORE_PS=633 TARGET_PS=1000
CLK_PERI U205/CK INSERT_BUFFER STAGES=12 BEFORE_PS=648 TARGET_PS=1000
CLK_PERI U206/CK INSERT_BUFFER STAGES=13 BEFORE_PS=622 TARGET_PS=1000
CLK_PERI U207/CK INSERT_BUFFER STAGES=12 BEFORE_PS=659 TARGET_PS=1000
CLK_PERI U208/CK INSERT_BUFFER STAGES=12 BEFORE_PS=645 TARGET_PS=1000
CLK_PERI U209/CK INSERT_BUFFER STAGES=13 BEFORE_PS=630 TARGET_PS=1000

=== AFTER ===
CLOCK=CLK_CORE SKEW_PS=0 TRAN_VIOLS=0 DEPTH_VIOLS=0
CLOCK=CLK_PERI SKEW_PS=0 TRAN_VIOLS=0 DEPTH_VIOLS=0

=== CLOSURE ===
CLOCK=CLK_CORE SKEW_BEFORE_PS=165 SKEW_AFTER_PS=165 TARGET_SKEW_PS=60 STATUS=FAIL
CLOCK=CLK_PERI SKEW_BEFORE_PS=37 SKEW_AFTER_PS=37 TARGET_SKEW_PS=90 STATUS=PASS
TRAN_VIOLATIONS_BEFORE=0  TRAN_VIOLATIONS_AFTER=0
DEPTH_VIOLATIONS_BEFORE=0  DEPTH_VIOLATIONS_AFTER=0
SINKS_LOST=30  SINKS_ADDED=0
PLAN_ACCURACY_PERCENT=0.00
IMPROVEMENT_PERCENT=0.00
BEFORE_STATUS=PASS
AFTER_STATUS=PASS
CLOSURE=FAIL
