VIOLATION TYPE=LATENCY_OUTLIER OBJECT=U100/CK CLOCK=CLK_CORE MEASURED=-188.00 LIMIT=100.00 MARGIN=88.00 SEVERITY=MINOR
VIOLATION TYPE=LATENCY_OUTLIER OBJECT=U101/CK CLOCK=CLK_CORE MEASURED=-194.00 LIMIT=100.00 MARGIN=94.00 SEVERITY=MINOR
VIOLATION TYPE=LATENCY_OUTLIER OBJECT=U102/CK CLOCK=CLK_CORE MEASURED=-181.00 LIMIT=100.00 MARGIN=81.00 SEVERITY=MINOR
VIOLATION TYPE=LATENCY_OUTLIER OBJECT=U103/CK CLOCK=CLK_CORE MEASURED=-202.00 LIMIT=100.00 MARGIN=102.00 SEVERITY=MINOR
VIOLATION TYPE=LATENCY_OUTLIER OBJECT=U104/CK CLOCK=CLK_CORE MEASURED=-176.00 LIMIT=100.00 MARGIN=76.00 SEVERITY=MINOR
VIOLATION TYPE=LATENCY_OUTLIER OBJECT=U105/CK CLOCK=CLK_CORE MEASURED=-197.00 LIMIT=100.00 MARGIN=97.00 SEVERITY=MINOR
VIOLATION TYPE=LATENCY_OUTLIER OBJECT=U106/CK CLOCK=CLK_CORE MEASURED=-169.00 LIMIT=100.00 MARGIN=69.00 SEVERITY=MINOR
VIOLATION TYPE=LATENCY_OUTLIER OBJECT=U107/CK CLOCK=CLK_CORE MEASURED=-205.00 LIMIT=100.00 MARGIN=105.00 SEVERITY=MINOR
VIOLATION TYPE=LATENCY_OUTLIER OBJECT=U108/CK CLOCK=CLK_CORE MEASURED=-190.00 LIMIT=100.00 MARGIN=90.00 SEVERITY=MINOR
VIOLATION TYPE=LATENCY_OUTLIER OBJECT=U109/CK CLOCK=CLK_CORE MEASURED=-173.00 LIMIT=100.00 MARGIN=73.00 SEVERITY=MINOR
VIOLATION TYPE=LATENCY_OUTLIER OBJECT=U110/CK CLOCK=CLK_CORE MEASURED=-185.00 LIMIT=100.00 MARGIN=85.00 SEVERITY=MINOR
VIOLATION TYPE=LATENCY_OUTLIER OBJECT=U111/CK CLOCK=CLK_CORE MEASURED=-198.00 LIMIT=100.00 MARGIN=98.00 SEVERITY=MINOR
VIOLATION TYPE=LATENCY_OUTLIER OBJECT=U114/CK CLOCK=CLK_CORE MEASURED=-255.00 LIMIT=100.00 MARGIN=155.00 SEVERITY=MINOR
VIOLATION TYPE=LATENCY_OUTLIER OBJECT=U115/CK CLOCK=CLK_CORE MEASURED=-192.00 LIMIT=100.00 MARGIN=92.00 SEVERITY=MINOR
VIOLATION TYPE=LATENCY_OUTLIER OBJECT=U116/CK CLOCK=CLK_CORE MEASURED=-178.00 LIMIT=100.00 MARGIN=78.00 SEVERITY=MINOR
VIOLATION TYPE=LATENCY_OUTLIER OBJECT=U117/CK CLOCK=CLK_CORE MEASURED=-201.00 LIMIT=100.00 MARGIN=101.00 SEVERITY=MINOR
VIOLATION TYPE=LATENCY_OUTLIER OBJECT=U118/CK CLOCK=CLK_CORE MEASURED=-183.00 LIMIT=100.00 MARGIN=83.00 SEVERITY=MINOR
VIOLATION TYPE=LATENCY_OUTLIER OBJECT=U119/CK CLOCK=CLK_CORE MEASURED=-195.00 LIMIT=100.00 MARGIN=95.00 SEVERITY=MINOR
VIOLATION TYPE=SKEW_VIOLATION OBJECT=CLK_CORE CLOCK=CLK_CORE MEASURED=165.00 LIMIT=60.00 MARGIN=105.00 SEVERITY=CRITICAL
CLOCK=CLK_CORE SKEW_PS=165 TARGET_SKEW_PS=60 SKEW_PERCENT=275.00 TARGET_LATENCY_PS=1000 OUTLIERS=18 STATUS=FAIL

VIOLATION TYPE=LATENCY_OUTLIER OBJECT=U200/CK CLOCK=CLK_PERI MEASURED=-364.00 LIMIT=100.00 MARGIN=264.00 SEVERITY=MINOR
VIOLATION TYPE=LATENCY_OUTLIER OBJECT=U201/CK CLOCK=CLK_PERI MEASURED=-359.00 LIMIT=100.00 MARGIN=259.00 SEVERITY=MINOR
VIOLATION TYPE=LATENCY_OUTLIER OBJECT=U202/CK CLOCK=CLK_PERI MEASURED=-372.00 LIMIT=100.00 MARGIN=272.00 SEVERITY=MINOR
VIOLATION TYPE=LATENCY_OUTLIER OBJECT=U203/CK CLOCK=CLK_PERI MEASURED=-345.00 LIMIT=100.00 MARGIN=245.00 SEVERITY=MINOR
VIOLATION TYPE=LATENCY_OUTLIER OBJECT=U204/CK CLOCK=CLK_PERI MEASURED=-367.00 LIMIT=100.00 MARGIN=267.00 SEVERITY=MINOR
VIOLATION TYPE=LATENCY_OUTLIER OBJECT=U205/CK CLOCK=CLK_PERI MEASURED=-352.00 LIMIT=100.00 MARGIN=252.00 SEVERITY=MINOR
VIOLATION TYPE=LATENCY_OUTLIER OBJECT=U206/CK CLOCK=CLK_PERI MEASURED=-378.00 LIMIT=100.00 MARGIN=278.00 SEVERITY=MINOR
VIOLATION TYPE=LATENCY_OUTLIER OBJECT=U207/CK CLOCK=CLK_PERI MEASURED=-341.00 LIMIT=100.00 MARGIN=241.00 SEVERITY=MINOR
VIOLATION TYPE=LATENCY_OUTLIER OBJECT=U208/CK CLOCK=CLK_PERI MEASURED=-355.00 LIMIT=100.00 MARGIN=255.00 SEVERITY=MINOR
VIOLATION TYPE=LATENCY_OUTLIER OBJECT=U209/CK CLOCK=CLK_PERI MEASURED=-370.00 LIMIT=100.00 MARGIN=270.00 SEVERITY=MINOR
CLOCK=CLK_PERI SKEW_PS=37 TARGET_SKEW_PS=90 SKEW_PERCENT=41.11 TARGET_LATENCY_PS=1000 OUTLIERS=10 STATUS=WARNING

TOTAL_VIOLATIONS=29
CRITICAL_COUNT=1 MAJOR_COUNT=0 MINOR_COUNT=28
BASELINE_STATUS=FAIL
