RANK=1 SINK=U206/CK CLOCK=CLK_PERI SCORE=378.00 DEVIATION_PS=-378.00 DEPTH=4 TRAN_PS=83 REASON=Latency Outlier
RANK=2 SINK=U202/CK CLOCK=CLK_PERI SCORE=372.00 DEVIATION_PS=-372.00 DEPTH=4 TRAN_PS=85 REASON=Latency Outlier
RANK=3 SINK=U209/CK CLOCK=CLK_PERI SCORE=370.00 DEVIATION_PS=-370.00 DEPTH=4 TRAN_PS=87 REASON=Latency Outlier
RANK=4 SINK=U204/CK CLOCK=CLK_PERI SCORE=367.00 DEVIATION_PS=-367.00 DEPTH=4 TRAN_PS=90 REASON=Latency Outlier
RANK=5 SINK=U200/CK CLOCK=CLK_PERI SCORE=364.00 DEVIATION_PS=-364.00 DEPTH=4 TRAN_PS=88 REASON=Latency Outlier
RANK=6 SINK=U201/CK CLOCK=CLK_PERI SCORE=359.00 DEVIATION_PS=-359.00 DEPTH=4 TRAN_PS=92 REASON=Latency Outlier
RANK=7 SINK=U208/CK CLOCK=CLK_PERI SCORE=355.00 DEVIATION_PS=-355.00 DEPTH=5 TRAN_PS=91 REASON=Latency Outlier
RANK=8 SINK=U205/CK CLOCK=CLK_PERI SCORE=352.00 DEVIATION_PS=-352.00 DEPTH=5 TRAN_PS=94 REASON=Latency Outlier
RANK=9 SINK=U203/CK CLOCK=CLK_PERI SCORE=345.00 DEVIATION_PS=-345.00 DEPTH=5 TRAN_PS=97 REASON=Latency Outlier
RANK=10 SINK=U207/CK CLOCK=CLK_PERI SCORE=341.00 DEVIATION_PS=-341.00 DEPTH=5 TRAN_PS=99 REASON=Latency Outlier
RANK=11 SINK=U114/CK CLOCK=CLK_CORE SCORE=255.00 DEVIATION_PS=-255.00 DEPTH=4 TRAN_PS=69 REASON=Latency Outlier
RANK=12 SINK=U107/CK CLOCK=CLK_CORE SCORE=205.00 DEVIATION_PS=-205.00 DEPTH=5 TRAN_PS=84 REASON=Latency Outlier
RANK=13 SINK=U103/CK CLOCK=CLK_CORE SCORE=202.00 DEVIATION_PS=-202.00 DEPTH=5 TRAN_PS=88 REASON=Latency Outlier
RANK=14 SINK=U117/CK CLOCK=CLK_CORE SCORE=201.00 DEVIATION_PS=-201.00 DEPTH=5 TRAN_PS=81 REASON=Latency Outlier
RANK=15 SINK=U111/CK CLOCK=CLK_CORE SCORE=198.00 DEVIATION_PS=-198.00 DEPTH=5 TRAN_PS=80 REASON=Latency Outlier
RANK=16 SINK=U105/CK CLOCK=CLK_CORE SCORE=197.00 DEVIATION_PS=-197.00 DEPTH=5 TRAN_PS=79 REASON=Latency Outlier
RANK=17 SINK=U119/CK CLOCK=CLK_CORE SCORE=195.00 DEVIATION_PS=-195.00 DEPTH=6 TRAN_PS=76 REASON=Latency Outlier
RANK=18 SINK=U101/CK CLOCK=CLK_CORE SCORE=194.00 DEVIATION_PS=-194.00 DEPTH=6 TRAN_PS=82 REASON=Latency Outlier
RANK=19 SINK=U115/CK CLOCK=CLK_CORE SCORE=192.00 DEVIATION_PS=-192.00 DEPTH=6 TRAN_PS=86 REASON=Latency Outlier
RANK=20 SINK=U108/CK CLOCK=CLK_CORE SCORE=190.00 DEVIATION_PS=-190.00 DEPTH=6 TRAN_PS=77 REASON=Latency Outlier
RANK=21 SINK=U100/CK CLOCK=CLK_CORE SCORE=188.00 DEVIATION_PS=-188.00 DEPTH=6 TRAN_PS=78 REASON=Latency Outlier
RANK=22 SINK=U110/CK CLOCK=CLK_CORE SCORE=185.00 DEVIATION_PS=-185.00 DEPTH=6 TRAN_PS=83 REASON=Latency Outlier
RANK=23 SINK=U118/CK CLOCK=CLK_CORE SCORE=183.00 DEVIATION_PS=-183.00 DEPTH=6 TRAN_PS=138 REASON=Latency Outlier
RANK=24 SINK=U102/CK CLOCK=CLK_CORE SCORE=181.00 DEVIATION_PS=-181.00 DEPTH=6 TRAN_PS=74 REASON=Latency Outlier
RANK=25 SINK=U116/CK CLOCK=CLK_CORE SCORE=178.00 DEVIATION_PS=-178.00 DEPTH=6 TRAN_PS=90 REASON=Latency Outlier
RANK=26 SINK=U104/CK CLOCK=CLK_CORE SCORE=176.00 DEVIATION_PS=-176.00 DEPTH=6 TRAN_PS=91 REASON=Latency Outlier
RANK=27 SINK=U109/CK CLOCK=CLK_CORE SCORE=173.00 DEVIATION_PS=-173.00 DEPTH=6 TRAN_PS=145 REASON=Latency Outlier
RANK=28 SINK=U106/CK CLOCK=CLK_CORE SCORE=169.00 DEVIATION_PS=-169.00 DEPTH=6 TRAN_PS=96 REASON=Latency Outlier

DEPTH_GROUP=4 OUTLIERS=7 AVG_LATENCY_PS=647.86
DEPTH_GROUP=5 OUTLIERS=9 AVG_LATENCY_PS=733.78
DEPTH_GROUP=6 OUTLIERS=12 AVG_LATENCY_PS=816.33

WORST_CLOCK=CLK_CORE
WORST_CLOCK_EXCESS_PS=105
DOMINANT_CAUSE_DEPTH=6
RESIDUAL_SKEW_PS=10
RANKED_SINKS=28
