FIX SINK=U100/CK CLOCK=CLK_CORE ACTION=INSERT_BUFFER STAGES=7 BEFORE_PS=812 TARGET_PS=1000 REASON=Latency Outlier Fix (INSERT_BUFFER 7 stages)
FIX SINK=U101/CK CLOCK=CLK_CORE ACTION=INSERT_BUFFER STAGES=7 BEFORE_PS=806 TARGET_PS=1000 REASON=Latency Outlier Fix (INSERT_BUFFER 7 stages)
FIX SINK=U102/CK CLOCK=CLK_CORE ACTION=INSERT_BUFFER STAGES=7 BEFORE_PS=819 TARGET_PS=1000 REASON=Latency Outlier Fix (INSERT_BUFFER 7 stages)
FIX SINK=U103/CK CLOCK=CLK_CORE ACTION=INSERT_BUFFER STAGES=7 BEFORE_PS=798 TARGET_PS=1000 REASON=Latency Outlier Fix (INSERT_BUFFER 7 stages)
FIX SINK=U104/CK CLOCK=CLK_CORE ACTION=INSERT_BUFFER STAGES=6 BEFORE_PS=824 TARGET_PS=1000 REASON=Latency Outlier Fix (INSERT_BUFFER 6 stages)
FIX SINK=U105/CK CLOCK=CLK_CORE ACTION=INSERT_BUFFER STAGES=7 BEFORE_PS=803 TARGET_PS=1000 REASON=Latency Outlier Fix (INSERT_BUFFER 7 stages)
FIX SINK=U106/CK CLOCK=CLK_CORE ACTION=INSERT_BUFFER STAGES=6 BEFORE_PS=831 TARGET_PS=1000 REASON=Latency Outlier Fix (INSERT_BUFFER 6 stages)
FIX SINK=U107/CK CLOCK=CLK_CORE ACTION=INSERT_BUFFER STAGES=7 BEFORE_PS=795 TARGET_PS=1000 REASON=Latency Outlier Fix (INSERT_BUFFER 7 stages)
FIX SINK=U108/CK CLOCK=CLK_CORE ACTION=INSERT_BUFFER STAGES=7 BEFORE_PS=810 TARGET_PS=1000 REASON=Latency Outlier Fix (INSERT_BUFFER 7 stages)
FIX SINK=U109/CK CLOCK=CLK_CORE ACTION=INSERT_BUFFER STAGES=6 BEFORE_PS=827 TARGET_PS=1000 REASON=Latency Outlier Fix (INSERT_BUFFER 6 stages)
FIX SINK=U110/CK CLOCK=CLK_CORE ACTION=INSERT_BUFFER STAGES=7 BEFORE_PS=815 TARGET_PS=1000 REASON=Latency Outlier Fix (INSERT_BUFFER 7 stages)
FIX SINK=U111/CK CLOCK=CLK_CORE ACTION=INSERT_BUFFER STAGES=7 BEFORE_PS=802 TARGET_PS=1000 REASON=Latency Outlier Fix (INSERT_BUFFER 7 stages)
FIX SINK=U114/CK CLOCK=CLK_CORE ACTION=INSERT_BUFFER STAGES=9 BEFORE_PS=745 TARGET_PS=1000 REASON=Latency Outlier Fix (INSERT_BUFFER 9 stages)
FIX SINK=U115/CK CLOCK=CLK_CORE ACTION=INSERT_BUFFER STAGES=7 BEFORE_PS=808 TARGET_PS=1000 REASON=Latency Outlier Fix (INSERT_BUFFER 7 stages)
FIX SINK=U116/CK CLOCK=CLK_CORE ACTION=INSERT_BUFFER STAGES=6 BEFORE_PS=822 TARGET_PS=1000 REASON=Latency Outlier Fix (INSERT_BUFFER 6 stages)
FIX SINK=U117/CK CLOCK=CLK_CORE ACTION=INSERT_BUFFER STAGES=7 BEFORE_PS=799 TARGET_PS=1000 REASON=Latency Outlier Fix (INSERT_BUFFER 7 stages)
FIX SINK=U118/CK CLOCK=CLK_CORE ACTION=INSERT_BUFFER STAGES=7 BEFORE_PS=817 TARGET_PS=1000 REASON=Latency Outlier Fix (INSERT_BUFFER 7 stages)
FIX SINK=U119/CK CLOCK=CLK_CORE ACTION=INSERT_BUFFER STAGES=7 BEFORE_PS=805 TARGET_PS=1000 REASON=Latency Outlier Fix (INSERT_BUFFER 7 stages)
FIX SINK=U200/CK CLOCK=CLK_PERI ACTION=INSERT_BUFFER STAGES=13 BEFORE_PS=636 TARGET_PS=1000 REASON=Latency Outlier Fix (INSERT_BUFFER 13 stages)
FIX SINK=U201/CK CLOCK=CLK_PERI ACTION=INSERT_BUFFER STAGES=12 BEFORE_PS=641 TARGET_PS=1000 REASON=Latency Outlier Fix (INSERT_BUFFER 12 stages)
FIX SINK=U202/CK CLOCK=CLK_PERI ACTION=INSERT_BUFFER STAGES=13 BEFORE_PS=628 TARGET_PS=1000 REASON=Latency Outlier Fix (INSERT_BUFFER 13 stages)
FIX SINK=U203/CK CLOCK=CLK_PERI ACTION=INSERT_BUFFER STAGES=12 BEFORE_PS=655 TARGET_PS=1000 REASON=Latency Outlier Fix (INSERT_BUFFER 12 stages)
FIX SINK=U204/CK CLOCK=CLK_PERI ACTION=INSERT_BUFFER STAGES=13 BEFORE_PS=633 TARGET_PS=1000 REASON=Latency Outlier Fix (INSERT_BUFFER 13 stages)
FIX SINK=U205/CK CLOCK=CLK_PERI ACTION=INSERT_BUFFER STAGES=12 BEFORE_PS=648 TARGET_PS=1000 REASON=Latency Outlier Fix (INSERT_BUFFER 12 stages)
FIX SINK=U206/CK CLOCK=CLK_PERI ACTION=INSERT_BUFFER STAGES=13 BEFORE_PS=622 TARGET_PS=1000 REASON=Latency Outlier Fix (INSERT_BUFFER 13 stages)
FIX SINK=U207/CK CLOCK=CLK_PERI ACTION=INSERT_BUFFER STAGES=12 BEFORE_PS=659 TARGET_PS=1000 REASON=Latency Outlier Fix (INSERT_BUFFER 12 stages)
FIX SINK=U208/CK CLOCK=CLK_PERI ACTION=INSERT_BUFFER STAGES=12 BEFORE_PS=645 TARGET_PS=1000 REASON=Latency Outlier Fix (INSERT_BUFFER 12 stages)
FIX SINK=U209/CK CLOCK=CLK_PERI ACTION=INSERT_BUFFER STAGES=13 BEFORE_PS=630 TARGET_PS=1000 REASON=Latency Outlier Fix (INSERT_BUFFER 13 stages)

CLOCK=CLK_CORE SKEW_BEFORE_PS=165 PREDICTED_SKEW_PS=129 TARGET_SKEW_PS=60 EXPECTED_STATUS=FAIL
CLOCK=CLK_PERI SKEW_BEFORE_PS=37 PREDICTED_SKEW_PS=25 TARGET_SKEW_PS=90 EXPECTED_STATUS=PASS

TOTAL_ACTIONS=28
BUFFERS_INSERTED=249
BUFFERS_REMOVED=0
EXPECTED_VIOLATIONS_AFTER=1
